
> Configure project :app
WARNING: Using flatDir should be avoided because it doesn't support any meta-data formats.

> Configure project :capacitor-cordova-android-plugins
WARNING: Using flatDir should be avoided because it doesn't support any meta-data formats.

> Task :app:preBuild UP-TO-DATE
> Task :app:preDebugBuild UP-TO-DATE
> Task :app:mergeDebugNativeDebugMetadata NO-SOURCE
> Task :app:javaPreCompileDebug UP-TO-DATE
> Task :capacitor-android:preBuild UP-TO-DATE
> Task :capacitor-android:preDebugBuild UP-TO-DATE
> Task :capacitor-android:writeDebugAarMetadata UP-TO-DATE
> Task :capacitor-cordova-android-plugins:preBuild UP-TO-DATE
> Task :capacitor-cordova-android-plugins:preDebugBuild UP-TO-DATE
> Task :capacitor-preferences:preBuild UP-TO-DATE
> Task :capacitor-preferences:preDebugBuild UP-TO-DATE
> Task :capacitor-cordova-android-plugins:writeDebugAarMetadata
> Task :capacitor-preferences:writeDebugAarMetadata UP-TO-DATE
> Task :capacitor-status-bar:preBuild UP-TO-DATE
> Task :capacitor-status-bar:preDebugBuild UP-TO-DATE
> Task :capacitor-status-bar:writeDebugAarMetadata UP-TO-DATE
> Task :app:checkDebugAarMetadata UP-TO-DATE
> Task :capacitor-android:processDebugNavigationResources UP-TO-DATE
> Task :capacitor-cordova-android-plugins:processDebugNavigationResources
> Task :capacitor-preferences:processDebugNavigationResources UP-TO-DATE
> Task :capacitor-status-bar:processDebugNavigationResources UP-TO-DATE
> Task :app:processDebugNavigationResources UP-TO-DATE
> Task :app:compileDebugNavigationResources UP-TO-DATE
> Task :app:generateDebugResValues UP-TO-DATE
> Task :capacitor-android:generateDebugResValues UP-TO-DATE
> Task :capacitor-android:generateDebugResources UP-TO-DATE
> Task :capacitor-android:packageDebugResources UP-TO-DATE
> Task :capacitor-cordova-android-plugins:generateDebugResValues
> Task :capacitor-cordova-android-plugins:generateDebugResources
> Task :capacitor-cordova-android-plugins:packageDebugResources
> Task :capacitor-preferences:generateDebugResValues UP-TO-DATE
> Task :capacitor-preferences:generateDebugResources UP-TO-DATE
> Task :capacitor-preferences:packageDebugResources UP-TO-DATE
> Task :capacitor-status-bar:generateDebugResValues UP-TO-DATE
> Task :capacitor-status-bar:generateDebugResources UP-TO-DATE
> Task :capacitor-status-bar:packageDebugResources UP-TO-DATE
> Task :app:mapDebugSourceSetPaths UP-TO-DATE
> Task :app:generateDebugResources UP-TO-DATE
> Task :app:mergeDebugResources UP-TO-DATE
> Task :app:packageDebugResources UP-TO-DATE
> Task :app:parseDebugLocalResources UP-TO-DATE
> Task :app:createDebugCompatibleScreenManifests UP-TO-DATE
> Task :app:extractDeepLinksDebug UP-TO-DATE
> Task :capacitor-android:extractDeepLinksDebug UP-TO-DATE
> Task :capacitor-android:processDebugManifest UP-TO-DATE
> Task :capacitor-cordova-android-plugins:extractDeepLinksDebug
> Task :capacitor-preferences:extractDeepLinksDebug UP-TO-DATE
> Task :capacitor-preferences:processDebugManifest UP-TO-DATE
> Task :capacitor-status-bar:extractDeepLinksDebug UP-TO-DATE
> Task :capacitor-status-bar:processDebugManifest UP-TO-DATE
> Task :capacitor-android:compileDebugLibraryResources UP-TO-DATE
> Task :capacitor-cordova-android-plugins:processDebugManifest
> Task :capacitor-android:parseDebugLocalResources UP-TO-DATE
> Task :app:processDebugMainManifest UP-TO-DATE
> Task :app:processDebugManifest UP-TO-DATE
> Task :app:processDebugManifestForPackage UP-TO-DATE
> Task :capacitor-android:generateDebugRFile UP-TO-DATE
> Task :capacitor-cordova-android-plugins:compileDebugLibraryResources
> Task :capacitor-preferences:compileDebugLibraryResources UP-TO-DATE
> Task :capacitor-cordova-android-plugins:parseDebugLocalResources
> Task :capacitor-preferences:parseDebugLocalResources UP-TO-DATE
> Task :capacitor-preferences:generateDebugRFile UP-TO-DATE
> Task :capacitor-status-bar:compileDebugLibraryResources UP-TO-DATE
> Task :capacitor-cordova-android-plugins:generateDebugRFile
> Task :capacitor-status-bar:parseDebugLocalResources UP-TO-DATE
> Task :capacitor-status-bar:generateDebugRFile UP-TO-DATE
> Task :app:processDebugResources UP-TO-DATE
> Task :capacitor-android:javaPreCompileDebug UP-TO-DATE
> Task :capacitor-android:compileDebugJavaWithJavac UP-TO-DATE
> Task :capacitor-android:bundleLibCompileToJarDebug UP-TO-DATE
> Task :capacitor-cordova-android-plugins:javaPreCompileDebug
> Task :capacitor-preferences:javaPreCompileDebug UP-TO-DATE
> Task :capacitor-cordova-android-plugins:compileDebugJavaWithJavac NO-SOURCE
> Task :capacitor-cordova-android-plugins:bundleLibCompileToJarDebug
> Task :capacitor-preferences:compileDebugJavaWithJavac UP-TO-DATE
> Task :capacitor-preferences:bundleLibCompileToJarDebug UP-TO-DATE
> Task :capacitor-status-bar:javaPreCompileDebug UP-TO-DATE
> Task :capacitor-status-bar:compileDebugJavaWithJavac UP-TO-DATE
> Task :capacitor-status-bar:bundleLibCompileToJarDebug UP-TO-DATE
> Task :app:compileDebugJavaWithJavac UP-TO-DATE
> Task :app:mergeDebugShaders UP-TO-DATE
> Task :app:compileDebugShaders NO-SOURCE
> Task :app:generateDebugAssets UP-TO-DATE
> Task :capacitor-android:mergeDebugShaders UP-TO-DATE
> Task :capacitor-android:compileDebugShaders NO-SOURCE
> Task :capacitor-android:generateDebugAssets UP-TO-DATE
> Task :capacitor-android:mergeDebugAssets UP-TO-DATE
> Task :capacitor-cordova-android-plugins:mergeDebugShaders
> Task :capacitor-cordova-android-plugins:compileDebugShaders NO-SOURCE
> Task :capacitor-cordova-android-plugins:generateDebugAssets UP-TO-DATE
> Task :capacitor-cordova-android-plugins:mergeDebugAssets
> Task :capacitor-preferences:mergeDebugShaders UP-TO-DATE
> Task :capacitor-preferences:compileDebugShaders NO-SOURCE
> Task :capacitor-preferences:generateDebugAssets UP-TO-DATE
> Task :capacitor-preferences:mergeDebugAssets UP-TO-DATE
> Task :capacitor-status-bar:mergeDebugShaders UP-TO-DATE
> Task :capacitor-status-bar:compileDebugShaders NO-SOURCE
> Task :capacitor-status-bar:generateDebugAssets UP-TO-DATE
> Task :capacitor-status-bar:mergeDebugAssets UP-TO-DATE
> Task :app:mergeDebugAssets
> Task :capacitor-preferences:bundleLibRuntimeToJarDebug UP-TO-DATE
> Task :capacitor-status-bar:bundleLibRuntimeToJarDebug UP-TO-DATE
> Task :capacitor-android:bundleLibRuntimeToJarDebug UP-TO-DATE
> Task :capacitor-cordova-android-plugins:bundleLibRuntimeToJarDebug
> Task :app:desugarDebugFileDependencies UP-TO-DATE
> Task :app:dexBuilderDebug UP-TO-DATE
> Task :app:processDebugJavaRes NO-SOURCE
> Task :capacitor-android:processDebugJavaRes NO-SOURCE
> Task :capacitor-cordova-android-plugins:processDebugJavaRes NO-SOURCE
> Task :app:mergeDebugGlobalSynthetics UP-TO-DATE
> Task :app:compressDebugAssets
> Task :capacitor-preferences:processDebugJavaRes NO-SOURCE
> Task :capacitor-status-bar:processDebugJavaRes NO-SOURCE
> Task :app:mergeDebugJavaResource UP-TO-DATE
> Task :app:checkDebugDuplicateClasses UP-TO-DATE
> Task :app:mergeExtDexDebug UP-TO-DATE
> Task :capacitor-preferences:bundleLibRuntimeToDirDebug UP-TO-DATE
> Task :capacitor-status-bar:bundleLibRuntimeToDirDebug UP-TO-DATE
> Task :capacitor-android:bundleLibRuntimeToDirDebug UP-TO-DATE
> Task :app:mergeProjectDexDebug UP-TO-DATE
> Task :capacitor-cordova-android-plugins:bundleLibRuntimeToDirDebug
> Task :app:mergeDebugJniLibFolders UP-TO-DATE
> Task :capacitor-android:mergeDebugJniLibFolders UP-TO-DATE
> Task :capacitor-android:mergeDebugNativeLibs NO-SOURCE
> Task :capacitor-android:copyDebugJniLibsProjectOnly UP-TO-DATE
> Task :capacitor-cordova-android-plugins:mergeDebugJniLibFolders
> Task :capacitor-cordova-android-plugins:mergeDebugNativeLibs NO-SOURCE
> Task :capacitor-cordova-android-plugins:copyDebugJniLibsProjectOnly
> Task :app:mergeLibDexDebug UP-TO-DATE
> Task :capacitor-preferences:mergeDebugJniLibFolders UP-TO-DATE
> Task :capacitor-preferences:mergeDebugNativeLibs NO-SOURCE
> Task :capacitor-preferences:copyDebugJniLibsProjectOnly UP-TO-DATE
> Task :capacitor-status-bar:mergeDebugJniLibFolders UP-TO-DATE
> Task :capacitor-status-bar:mergeDebugNativeLibs NO-SOURCE
> Task :capacitor-status-bar:copyDebugJniLibsProjectOnly UP-TO-DATE
> Task :app:mergeDebugNativeLibs NO-SOURCE
> Task :app:stripDebugDebugSymbols NO-SOURCE
> Task :app:validateSigningDebug UP-TO-DATE
> Task :app:writeDebugAppMetadata UP-TO-DATE
> Task :app:writeDebugSigningConfigVersions UP-TO-DATE
> Task :capacitor-android:checkDebugAarMetadata UP-TO-DATE
> Task :capacitor-android:stripDebugDebugSymbols NO-SOURCE
> Task :capacitor-android:copyDebugJniLibsProjectAndLocalJars UP-TO-DATE
> Task :capacitor-android:extractDebugAnnotations UP-TO-DATE
> Task :capacitor-android:extractDeepLinksForAarDebug UP-TO-DATE
> Task :capacitor-android:mergeDebugGeneratedProguardFiles UP-TO-DATE
> Task :capacitor-android:mergeDebugConsumerProguardFiles UP-TO-DATE
> Task :capacitor-android:prepareDebugArtProfile UP-TO-DATE
> Task :capacitor-android:prepareLintJarForPublish UP-TO-DATE
> Task :capacitor-android:mergeDebugJavaResource UP-TO-DATE
> Task :capacitor-android:syncDebugLibJars UP-TO-DATE
> Task :capacitor-android:bundleDebugAar UP-TO-DATE
> Task :capacitor-android:assembleDebug UP-TO-DATE
> Task :capacitor-cordova-android-plugins:stripDebugDebugSymbols NO-SOURCE
> Task :capacitor-cordova-android-plugins:checkDebugAarMetadata
> Task :capacitor-cordova-android-plugins:copyDebugJniLibsProjectAndLocalJars
> Task :capacitor-cordova-android-plugins:extractDebugAnnotations
> Task :capacitor-cordova-android-plugins:extractDeepLinksForAarDebug UP-TO-DATE
> Task :capacitor-cordova-android-plugins:mergeDebugGeneratedProguardFiles UP-TO-DATE
> Task :capacitor-cordova-android-plugins:mergeDebugConsumerProguardFiles UP-TO-DATE
> Task :capacitor-cordova-android-plugins:prepareDebugArtProfile UP-TO-DATE
> Task :capacitor-cordova-android-plugins:prepareLintJarForPublish UP-TO-DATE
> Task :capacitor-preferences:checkDebugAarMetadata UP-TO-DATE
> Task :capacitor-preferences:stripDebugDebugSymbols NO-SOURCE
> Task :capacitor-preferences:copyDebugJniLibsProjectAndLocalJars UP-TO-DATE
> Task :capacitor-cordova-android-plugins:mergeDebugJavaResource
> Task :capacitor-preferences:extractDebugAnnotations UP-TO-DATE
> Task :capacitor-cordova-android-plugins:syncDebugLibJars
> Task :capacitor-cordova-android-plugins:bundleDebugAar
> Task :capacitor-cordova-android-plugins:assembleDebug
> Task :app:packageDebug
> Task :app:createDebugApkListingFileRedirect UP-TO-DATE
> Task :app:assembleDebug
> Task :capacitor-preferences:extractDeepLinksForAarDebug UP-TO-DATE
> Task :capacitor-preferences:mergeDebugGeneratedProguardFiles UP-TO-DATE
> Task :capacitor-preferences:mergeDebugConsumerProguardFiles UP-TO-DATE
> Task :capacitor-preferences:prepareDebugArtProfile UP-TO-DATE
> Task :capacitor-preferences:prepareLintJarForPublish UP-TO-DATE
> Task :capacitor-preferences:mergeDebugJavaResource UP-TO-DATE
> Task :capacitor-preferences:syncDebugLibJars UP-TO-DATE
> Task :capacitor-preferences:bundleDebugAar UP-TO-DATE
> Task :capacitor-preferences:assembleDebug UP-TO-DATE
> Task :capacitor-status-bar:checkDebugAarMetadata UP-TO-DATE
> Task :capacitor-status-bar:stripDebugDebugSymbols NO-SOURCE
> Task :capacitor-status-bar:copyDebugJniLibsProjectAndLocalJars UP-TO-DATE
> Task :capacitor-status-bar:extractDebugAnnotations UP-TO-DATE
> Task :capacitor-status-bar:extractDeepLinksForAarDebug UP-TO-DATE
> Task :capacitor-status-bar:mergeDebugGeneratedProguardFiles UP-TO-DATE
> Task :capacitor-status-bar:mergeDebugConsumerProguardFiles UP-TO-DATE
> Task :capacitor-status-bar:prepareDebugArtProfile UP-TO-DATE
> Task :capacitor-status-bar:prepareLintJarForPublish UP-TO-DATE
> Task :capacitor-status-bar:mergeDebugJavaResource UP-TO-DATE
> Task :capacitor-status-bar:syncDebugLibJars UP-TO-DATE
> Task :capacitor-status-bar:bundleDebugAar UP-TO-DATE
> Task :capacitor-status-bar:assembleDebug UP-TO-DATE

BUILD SUCCESSFUL in 2s
153 actionable tasks: 27 executed, 126 up-to-date
